[2026-06-18 06:49:19] To: kannanandhu99@gmail.com | Subject: Class Scheduled: Dance Class | Error: SMTP Error: Could not authenticate.
[2026-06-18 06:49:22] To: saranyab260404@gmail.com | Subject: Class Scheduled: Dance Class | Error: SMTP Error: Could not authenticate.
[2026-06-18 06:49:25] To: admin@example.com | Subject: Admin Alert: Class Scheduled — Dance Class | Error: SMTP Error: Could not authenticate.
[2026-06-18 07:00:58] To: kannanandhu99@gmail.com | Subject: Class Scheduled: Test Class | Error: SMTP Error: Could not authenticate.
[2026-06-18 07:01:02] To: saranyab260404@gmail.com | Subject: Class Scheduled: Test Class | Error: SMTP Error: Could not authenticate.
[2026-06-18 07:01:04] To: admin@example.com | Subject: Admin Alert: Class Scheduled — Test Class | Error: SMTP Error: Could not authenticate.
[2026-06-18 07:23:26] To: kannanandhu99@gmail.com | Subject: New Student Assigned: Nandhini K | Error: SMTP Error: Could not authenticate.
[2026-06-18 07:23:29] To: kannanandhu99@gmail.com | Subject: New Student Assigned: Saranya B | Error: SMTP Error: Could not authenticate.
[2026-06-18 07:23:31] To: kannanandhu99@gmail.com | Subject: New Student Assigned: Test Student | Error: SMTP Error: Could not authenticate.
[2026-06-18 07:26:42] To: kannanandhu99@gmail.com | Subject: Class Scheduled: Music Class | Error: SMTP Error: Could not authenticate.
[2026-06-18 07:26:44] To: kannan1997cse@gmail.com | Subject: Class Scheduled: Music Class | Error: SMTP Error: Could not authenticate.
[2026-06-18 07:26:47] To: admin@example.com | Subject: Admin Alert: Class Scheduled — Music Class | Error: SMTP Error: Could not authenticate.
[2026-06-18 07:26:49] To: kannanandhu99@gmail.com | Subject: Class Scheduled: Music Class | Error: SMTP Error: Could not authenticate.
[2026-06-18 07:26:51] To: kannan1997cse@gmail.com | Subject: Class Scheduled: Music Class | Error: SMTP Error: Could not authenticate.
[2026-06-18 07:26:54] To: admin@example.com | Subject: Admin Alert: Class Scheduled — Music Class | Error: SMTP Error: Could not authenticate.
[2026-06-18 07:26:56] To: kannanandhu99@gmail.com | Subject: Class Scheduled: Music Class | Error: SMTP Error: Could not authenticate.
[2026-06-18 07:26:58] To: kannan1997cse@gmail.com | Subject: Class Scheduled: Music Class | Error: SMTP Error: Could not authenticate.
[2026-06-18 07:27:01] To: admin@example.com | Subject: Admin Alert: Class Scheduled — Music Class | Error: SMTP Error: Could not authenticate.
[2026-06-18 07:27:03] To: kannanandhu99@gmail.com | Subject: Class Scheduled: Music Class | Error: SMTP Error: Could not authenticate.
[2026-06-18 07:27:06] To: kannan1997cse@gmail.com | Subject: Class Scheduled: Music Class | Error: SMTP Error: Could not authenticate.
[2026-06-18 07:27:08] To: admin@example.com | Subject: Admin Alert: Class Scheduled — Music Class | Error: SMTP Error: Could not authenticate.
[2026-06-18 07:27:10] To: kannanandhu99@gmail.com | Subject: Class Scheduled: Music Class | Error: SMTP Error: Could not authenticate.
[2026-06-18 07:27:13] To: kannan1997cse@gmail.com | Subject: Class Scheduled: Music Class | Error: SMTP Error: Could not authenticate.
[2026-06-18 07:27:15] To: admin@example.com | Subject: Admin Alert: Class Scheduled — Music Class | Error: SMTP Error: Could not authenticate.
[2026-06-18 07:27:17] To: kannanandhu99@gmail.com | Subject: Class Scheduled: Music Class | Error: SMTP Error: Could not authenticate.
[2026-06-18 07:27:20] To: kannan1997cse@gmail.com | Subject: Class Scheduled: Music Class | Error: SMTP Error: Could not authenticate.
[2026-06-18 07:27:22] To: admin@example.com | Subject: Admin Alert: Class Scheduled — Music Class | Error: SMTP Error: Could not authenticate.
[2026-06-18 07:27:25] To: kannanandhu99@gmail.com | Subject: Class Scheduled: Music Class | Error: SMTP Error: Could not authenticate.
[2026-06-18 07:27:27] To: kannan1997cse@gmail.com | Subject: Class Scheduled: Music Class | Error: SMTP Error: Could not authenticate.
[2026-06-18 07:27:29] To: admin@example.com | Subject: Admin Alert: Class Scheduled — Music Class | Error: SMTP Error: Could not authenticate.
[2026-06-18 07:27:32] To: kannanandhu99@gmail.com | Subject: Class Scheduled: Music Class | Error: SMTP Error: Could not authenticate.
[2026-06-18 07:27:34] To: kannan1997cse@gmail.com | Subject: Class Scheduled: Music Class | Error: SMTP Error: Could not authenticate.
[2026-06-18 07:27:36] To: admin@example.com | Subject: Admin Alert: Class Scheduled — Music Class | Error: SMTP Error: Could not authenticate.
[2026-06-18 07:27:38] To: kannanandhu99@gmail.com | Subject: Class Scheduled: Music Class | Error: SMTP Error: Could not authenticate.
[2026-06-18 07:27:40] To: kannan1997cse@gmail.com | Subject: Class Scheduled: Music Class | Error: SMTP Error: Could not authenticate.
[2026-06-18 07:27:43] To: admin@example.com | Subject: Admin Alert: Class Scheduled — Music Class | Error: SMTP Error: Could not authenticate.
[2026-06-18 07:27:45] To: kannanandhu99@gmail.com | Subject: Class Scheduled: Music Class | Error: SMTP Error: Could not authenticate.
[2026-06-18 07:27:47] To: kannan1997cse@gmail.com | Subject: Class Scheduled: Music Class | Error: SMTP Error: Could not authenticate.
[2026-06-18 07:27:49] To: admin@example.com | Subject: Admin Alert: Class Scheduled — Music Class | Error: SMTP Error: Could not authenticate.
[2026-06-18 07:27:52] To: kannanandhu99@gmail.com | Subject: Class Scheduled: Music Class | Error: SMTP Error: Could not authenticate.
[2026-06-18 07:27:54] To: kannan1997cse@gmail.com | Subject: Class Scheduled: Music Class | Error: SMTP Error: Could not authenticate.
[2026-06-18 07:27:56] To: admin@example.com | Subject: Admin Alert: Class Scheduled — Music Class | Error: SMTP Error: Could not authenticate.
[2026-06-18 08:30:44] To: kannanandhu99@gmail.com | Subject: Class Scheduled: Test Dance | Error: SMTP Error: Could not authenticate.
[2026-06-18 08:30:46] To: kannan1997cse@gmail.com | Subject: Class Scheduled: Test Dance | Error: SMTP Error: Could not authenticate.
[2026-06-18 08:30:48] To: admin@example.com | Subject: Admin Alert: Class Scheduled — Test Dance | Error: SMTP Error: Could not authenticate.
[2026-06-20 14:54:46] To: kannanandhu99@gmail.com | Subject: Class Scheduled: Maths Class | Error: SMTP Error: Could not authenticate.
[2026-06-20 14:54:49] To: kannan1997cse@gmail.com | Subject: Class Scheduled: Maths Class | Error: SMTP Error: Could not authenticate.
[2026-06-20 14:54:51] To: admin@example.com | Subject: Admin Alert: Class Scheduled — Maths Class | Error: SMTP Error: Could not authenticate.
[2026-06-20 15:11:14] To: learnwiseed629@gmail.com | Subject: Your LearnWise Account Created | Error: SMTP Error: Could not authenticate.
[2026-06-20 15:12:42] To: wkannan756@gmail.com | Subject: Your LearnWise Account Created | Error: SMTP Error: Could not authenticate.
[2026-06-20 15:13:32] To: kannanandhu99@gmail.com | Subject: New Student Assigned: Karthi | Error: SMTP Error: Could not authenticate.
[2026-06-20 15:13:36] To: kannanandhu99@gmail.com | Subject: New Student Assigned: Nandhini K | Error: SMTP Error: Could not authenticate.
[2026-06-20 15:13:40] To: kannanandhu99@gmail.com | Subject: New Student Assigned: Saranya B | Error: SMTP Error: Could not authenticate.
[2026-06-20 15:13:44] To: kannanandhu99@gmail.com | Subject: New Student Assigned: Test Student | Error: SMTP Error: Could not authenticate.
[2026-06-20 15:41:30] To: learnwiseed629@gmail.com | Subject: Welcome to LearnWise | Error: SMTP Error: Could not authenticate.
