
{"event":"calendar_events_rendered","viewer_role":"admin","viewer_id":1,"selected_timezone":"Asia/Kolkata","range_start_utc":"2026-04-25 18:30:00","range_end_utc":"2026-06-06 18:30:00","event_count":1,"timestamp":"2026-05-16 03:55:47"}
{"event":"calendar_events_rendered","viewer_role":"admin","viewer_id":1,"selected_timezone":"UTC","range_start_utc":"2026-04-26 00:00:00","range_end_utc":"2026-06-07 00:00:00","event_count":1,"timestamp":"2026-05-16 03:55:48"}
{"event":"calendar_events_rendered","viewer_role":"admin","viewer_id":1,"selected_timezone":"Asia/Kolkata","range_start_utc":"2026-04-26 00:00:00","range_end_utc":"2026-06-07 00:00:00","event_count":1,"timestamp":"2026-05-16 03:55:55"}
{"event":"calendar_events_rendered","viewer_role":"admin","viewer_id":1,"selected_timezone":"Asia/Kolkata","range_start_utc":"2026-04-25 18:30:00","range_end_utc":"2026-06-06 18:30:00","event_count":1,"timestamp":"2026-05-16 03:57:16"}
{"event":"calendar_events_rendered","viewer_role":"admin","viewer_id":1,"selected_timezone":"UTC","range_start_utc":"2026-04-26 00:00:00","range_end_utc":"2026-06-07 00:00:00","event_count":1,"timestamp":"2026-05-16 03:57:16"}
{"event":"calendar_events_rendered","viewer_role":"teacher","viewer_id":12,"selected_timezone":"Asia/Kolkata","range_start_utc":"2026-04-25 18:30:00","range_end_utc":"2026-06-06 18:30:00","event_count":1,"timestamp":"2026-05-16 03:58:37"}
{"event":"class_scheduled_to_utc","class_id":30,"teacher_id":3,"timezone":"Asia/Kolkata","input_start":"2026-05-16T09:46","input_end":"2026-05-16T10:47","start_time_utc":"2026-05-16 04:16:00","end_time_utc":"2026-05-16 05:17:00","timestamp":"2026-05-16 04:16:44"}
{"event":"class_scheduled_to_utc","class_id":31,"teacher_id":12,"timezone":"Asia/Kolkata","input_start":"2026-05-16T10:00","input_end":"2026-05-16T11:00","start_time_utc":"2026-05-16 04:30:00","end_time_utc":"2026-05-16 05:30:00","timestamp":"2026-05-16 04:18:09"}
{"event":"calendar_events_rendered","viewer_role":"admin","viewer_id":1,"selected_timezone":"Asia/Kolkata","range_start_utc":"2026-04-25 18:30:00","range_end_utc":"2026-06-06 18:30:00","event_count":3,"timestamp":"2026-05-16 04:18:26"}
{"event":"calendar_events_rendered","viewer_role":"admin","viewer_id":1,"selected_timezone":"UTC","range_start_utc":"2026-04-26 00:00:00","range_end_utc":"2026-06-07 00:00:00","event_count":3,"timestamp":"2026-05-16 04:18:26"}
{"event":"calendar_events_rendered","viewer_role":"admin","viewer_id":1,"selected_timezone":"Asia/Kolkata","range_start_utc":"2026-05-16 00:00:00","range_end_utc":"2026-05-17 00:00:00","event_count":3,"timestamp":"2026-05-16 04:18:41"}
{"event":"calendar_events_rendered","viewer_role":"teacher","viewer_id":12,"selected_timezone":"Asia/Kolkata","range_start_utc":"2026-04-25 18:30:00","range_end_utc":"2026-06-06 18:30:00","event_count":2,"timestamp":"2026-05-16 04:19:08"}
{"event":"calendar_events_rendered","viewer_role":"teacher","viewer_id":12,"selected_timezone":"UTC","range_start_utc":"2026-04-26 00:00:00","range_end_utc":"2026-06-07 00:00:00","event_count":2,"timestamp":"2026-05-16 04:19:08"}
{"event":"calendar_events_rendered","viewer_role":"teacher","viewer_id":12,"selected_timezone":"Asia/Kolkata","range_start_utc":"2026-05-16 00:00:00","range_end_utc":"2026-05-17 00:00:00","event_count":2,"timestamp":"2026-05-16 04:19:19"}
{"event":"calendar_events_rendered","viewer_role":"teacher","viewer_id":12,"selected_timezone":"Asia/Kolkata","range_start_utc":"2026-05-16 00:00:00","range_end_utc":"2026-05-17 00:00:00","event_count":2,"timestamp":"2026-05-16 04:19:19"}
{"event":"calendar_events_rendered","viewer_role":"teacher","viewer_id":12,"selected_timezone":"America/New_York","range_start_utc":"2026-05-16 00:00:00","range_end_utc":"2026-05-17 00:00:00","event_count":2,"timestamp":"2026-05-16 04:19:25"}
{"event":"calendar_events_rendered","viewer_role":"teacher","viewer_id":12,"selected_timezone":"America/New_York","range_start_utc":"2026-05-16 00:00:00","range_end_utc":"2026-05-17 00:00:00","event_count":2,"timestamp":"2026-05-16 04:19:25"}
{"event":"calendar_events_rendered","viewer_role":"teacher","viewer_id":12,"selected_timezone":"Asia/Kolkata","range_start_utc":"2026-05-16 00:00:00","range_end_utc":"2026-05-17 00:00:00","event_count":2,"timestamp":"2026-05-16 04:19:30"}
{"event":"calendar_events_rendered","viewer_role":"teacher","viewer_id":12,"selected_timezone":"Asia/Kolkata","range_start_utc":"2026-05-16 00:00:00","range_end_utc":"2026-05-17 00:00:00","event_count":2,"timestamp":"2026-05-16 04:19:30"}
{"event":"calendar_events_rendered","viewer_role":"admin","viewer_id":1,"selected_timezone":"America/New_York","range_start_utc":"2026-05-16 00:00:00","range_end_utc":"2026-05-17 00:00:00","event_count":3,"timestamp":"2026-05-16 04:19:37"}
{"event":"calendar_events_rendered","viewer_role":"admin","viewer_id":1,"selected_timezone":"America/New_York","range_start_utc":"2026-05-16 00:00:00","range_end_utc":"2026-05-17 00:00:00","event_count":3,"timestamp":"2026-05-16 04:19:37"}
{"event":"calendar_events_rendered","viewer_role":"admin","viewer_id":1,"selected_timezone":"Asia/Kolkata","range_start_utc":"2026-05-16 00:00:00","range_end_utc":"2026-05-17 00:00:00","event_count":3,"timestamp":"2026-05-16 04:19:40"}
{"event":"calendar_events_rendered","viewer_role":"admin","viewer_id":1,"selected_timezone":"Asia/Kolkata","range_start_utc":"2026-05-16 00:00:00","range_end_utc":"2026-05-17 00:00:00","event_count":3,"timestamp":"2026-05-16 04:19:40"}
{"event":"calendar_events_rendered","viewer_role":"admin","viewer_id":1,"selected_timezone":"Asia/Kolkata","range_start_utc":"2026-05-16 00:00:00","range_end_utc":"2026-05-17 00:00:00","event_count":1,"timestamp":"2026-05-16 04:19:50"}
{"event":"calendar_events_rendered","viewer_role":"admin","viewer_id":1,"selected_timezone":"Asia/Kolkata","range_start_utc":"2026-05-16 00:00:00","range_end_utc":"2026-05-17 00:00:00","event_count":2,"timestamp":"2026-05-16 04:19:55"}
{"event":"calendar_events_rendered","viewer_role":"admin","viewer_id":1,"selected_timezone":"Asia/Kolkata","range_start_utc":"2026-05-16 00:00:00","range_end_utc":"2026-05-17 00:00:00","event_count":0,"timestamp":"2026-05-16 04:20:00"}
{"event":"calendar_events_rendered","viewer_role":"admin","viewer_id":1,"selected_timezone":"Asia/Kolkata","range_start_utc":"2026-05-16 00:00:00","range_end_utc":"2026-05-17 00:00:00","event_count":0,"timestamp":"2026-05-16 04:20:04"}
{"event":"calendar_events_rendered","viewer_role":"admin","viewer_id":1,"selected_timezone":"Asia/Kolkata","range_start_utc":"2026-05-16 00:00:00","range_end_utc":"2026-05-17 00:00:00","event_count":2,"timestamp":"2026-05-16 04:20:09"}
{"event":"calendar_events_rendered","viewer_role":"student","viewer_id":6,"selected_timezone":"Asia/Kolkata","range_start_utc":"2026-04-25 18:30:00","range_end_utc":"2026-06-06 18:30:00","event_count":3,"timestamp":"2026-05-16 04:21:24"}
{"event":"calendar_events_rendered","viewer_role":"student","viewer_id":6,"selected_timezone":"UTC","range_start_utc":"2026-04-26 00:00:00","range_end_utc":"2026-06-07 00:00:00","event_count":3,"timestamp":"2026-05-16 04:21:24"}
{"event":"calendar_events_rendered","viewer_role":"student","viewer_id":6,"selected_timezone":"Asia/Kolkata","range_start_utc":"2026-04-26 00:00:00","range_end_utc":"2026-06-07 00:00:00","event_count":3,"timestamp":"2026-05-16 04:21:28"}
{"event":"calendar_events_rendered","viewer_role":"student","viewer_id":6,"selected_timezone":"America/New_York","range_start_utc":"2026-05-16 00:00:00","range_end_utc":"2026-05-17 00:00:00","event_count":3,"timestamp":"2026-05-16 04:21:34"}
{"event":"calendar_events_rendered","viewer_role":"student","viewer_id":6,"selected_timezone":"Asia/Kolkata","range_start_utc":"2026-05-16 00:00:00","range_end_utc":"2026-05-17 00:00:00","event_count":3,"timestamp":"2026-05-16 04:21:38"}
{"event":"calendar_events_rendered","viewer_role":"student","viewer_id":6,"selected_timezone":"Australia/Sydney","range_start_utc":"2026-05-16 00:00:00","range_end_utc":"2026-05-17 00:00:00","event_count":3,"timestamp":"2026-05-16 04:21:43"}
{"event":"calendar_events_rendered","viewer_role":"student","viewer_id":6,"selected_timezone":"Australia/Sydney","range_start_utc":"2026-05-16 00:00:00","range_end_utc":"2026-05-17 00:00:00","event_count":3,"timestamp":"2026-05-16 04:21:43"}
{"event":"calendar_events_rendered","viewer_role":"student","viewer_id":6,"selected_timezone":"Asia/Kolkata","range_start_utc":"2026-05-16 00:00:00","range_end_utc":"2026-05-17 00:00:00","event_count":3,"timestamp":"2026-05-16 04:21:46"}
{"event":"calendar_events_rendered","viewer_role":"student","viewer_id":6,"selected_timezone":"Asia/Kolkata","range_start_utc":"2026-05-16 00:00:00","range_end_utc":"2026-05-17 00:00:00","event_count":3,"timestamp":"2026-05-16 04:21:46"}
{"event":"class_scheduled_to_utc","class_id":32,"teacher_id":12,"timezone":"Asia/Kolkata","input_start":"2026-05-16T12:00","input_end":"2026-05-16T13:00","start_time_utc":"2026-05-16 06:30:00","end_time_utc":"2026-05-16 07:30:00","timestamp":"2026-05-16 06:27:30"}
{"event":"reschedule_approved_to_utc","class_id":32,"old_timezone":"Asia/Kolkata","new_timezone":"Asia/Kolkata","requested_date":"2026-05-17","requested_time":"12:00:00","start_time_utc":"2026-05-17 06:30:00","end_time_utc":"2026-05-17 07:30:00","timestamp":"2026-05-16 07:13:58"}
{"event":"calendar_events_rendered","viewer_role":"student","viewer_id":6,"selected_timezone":"Asia/Kolkata","range_start_utc":"2026-04-25 18:30:00","range_end_utc":"2026-06-06 18:30:00","event_count":4,"timestamp":"2026-05-16 07:14:07"}
{"event":"calendar_events_rendered","viewer_role":"student","viewer_id":6,"selected_timezone":"Asia/Kolkata","range_start_utc":"2026-04-25 18:30:00","range_end_utc":"2026-06-06 18:30:00","event_count":4,"timestamp":"2026-05-16 07:14:37"}
{"event":"calendar_events_rendered","viewer_role":"teacher","viewer_id":12,"selected_timezone":"Asia/Kolkata","range_start_utc":"2026-04-25 18:30:00","range_end_utc":"2026-06-06 18:30:00","event_count":3,"timestamp":"2026-05-16 07:14:56"}
{"event":"calendar_events_rendered","viewer_role":"teacher","viewer_id":12,"selected_timezone":"UTC","range_start_utc":"2026-04-26 00:00:00","range_end_utc":"2026-06-07 00:00:00","event_count":3,"timestamp":"2026-05-16 07:14:56"}
{"event":"calendar_events_rendered","viewer_role":"teacher","viewer_id":12,"selected_timezone":"Asia/Kolkata","range_start_utc":"2026-05-17 00:00:00","range_end_utc":"2026-05-18 00:00:00","event_count":1,"timestamp":"2026-05-16 07:15:32"}
{"event":"calendar_events_rendered","viewer_role":"teacher","viewer_id":12,"selected_timezone":"Asia/Kolkata","range_start_utc":"2026-05-17 00:00:00","range_end_utc":"2026-05-18 00:00:00","event_count":1,"timestamp":"2026-05-16 07:15:32"}
{"event":"calendar_events_rendered","viewer_role":"student","viewer_id":6,"selected_timezone":"Asia/Kolkata","range_start_utc":"2026-04-25 18:30:00","range_end_utc":"2026-06-06 18:30:00","event_count":4,"timestamp":"2026-05-16 07:15:50"}
{"event":"calendar_events_rendered","viewer_role":"student","viewer_id":6,"selected_timezone":"UTC","range_start_utc":"2026-04-26 00:00:00","range_end_utc":"2026-06-07 00:00:00","event_count":4,"timestamp":"2026-05-16 07:15:50"}
{"event":"calendar_events_rendered","viewer_role":"student","viewer_id":6,"selected_timezone":"Asia/Kolkata","range_start_utc":"2026-05-17 00:00:00","range_end_utc":"2026-05-18 00:00:00","event_count":1,"timestamp":"2026-05-16 07:15:56"}
{"event":"calendar_events_rendered","viewer_role":"student","viewer_id":6,"selected_timezone":"Asia/Kolkata","range_start_utc":"2026-05-17 00:00:00","range_end_utc":"2026-05-18 00:00:00","event_count":1,"timestamp":"2026-05-16 07:15:56"}
{"event":"reschedule_approved_to_utc","class_id":32,"old_timezone":"Asia/Kolkata","new_timezone":"Asia/Kolkata","requested_date":"2026-05-16","requested_time":"13:47:00","start_time_utc":"2026-05-16 08:17:00","end_time_utc":"2026-05-16 09:17:00","timestamp":"2026-05-16 07:16:22"}
{"event":"calendar_events_rendered","viewer_role":"teacher","viewer_id":12,"selected_timezone":"Asia/Kolkata","range_start_utc":"2026-04-25 18:30:00","range_end_utc":"2026-06-06 18:30:00","event_count":3,"timestamp":"2026-05-16 07:55:37"}
{"event":"calendar_events_rendered","viewer_role":"teacher","viewer_id":12,"selected_timezone":"UTC","range_start_utc":"2026-04-26 00:00:00","range_end_utc":"2026-06-07 00:00:00","event_count":3,"timestamp":"2026-05-16 07:55:37"}
{"event":"calendar_events_rendered","viewer_role":"teacher","viewer_id":12,"selected_timezone":"Asia/Kolkata","range_start_utc":"2026-04-26 00:00:00","range_end_utc":"2026-06-07 00:00:00","event_count":3,"timestamp":"2026-05-16 07:55:44"}
{"event":"calendar_events_rendered","viewer_role":"teacher","viewer_id":12,"selected_timezone":"America/New_York","range_start_utc":"2026-05-16 00:00:00","range_end_utc":"2026-05-17 00:00:00","event_count":3,"timestamp":"2026-05-16 07:55:54"}
{"event":"calendar_events_rendered","viewer_role":"teacher","viewer_id":12,"selected_timezone":"Asia/Kolkata","range_start_utc":"2026-05-16 00:00:00","range_end_utc":"2026-05-17 00:00:00","event_count":3,"timestamp":"2026-05-16 07:55:57"}
{"event":"calendar_events_rendered","viewer_role":"teacher","viewer_id":12,"selected_timezone":"Asia/Kolkata","range_start_utc":"2026-04-25 18:30:00","range_end_utc":"2026-06-06 18:30:00","event_count":3,"timestamp":"2026-05-16 07:56:03"}
{"event":"calendar_events_rendered","viewer_role":"teacher","viewer_id":12,"selected_timezone":"Asia/Kolkata","range_start_utc":"2026-04-25 18:30:00","range_end_utc":"2026-06-06 18:30:00","event_count":3,"timestamp":"2026-05-16 07:56:20"}
{"event":"calendar_events_rendered","viewer_role":"teacher","viewer_id":12,"selected_timezone":"UTC","range_start_utc":"2026-04-26 00:00:00","range_end_utc":"2026-06-07 00:00:00","event_count":3,"timestamp":"2026-05-16 07:56:20"}
{"event":"calendar_events_rendered","viewer_role":"teacher","viewer_id":12,"selected_timezone":"Asia/Kolkata","range_start_utc":"2026-05-16 00:00:00","range_end_utc":"2026-05-17 00:00:00","event_count":3,"timestamp":"2026-05-16 07:56:25"}
{"event":"calendar_events_rendered","viewer_role":"teacher","viewer_id":12,"selected_timezone":"Asia/Kolkata","range_start_utc":"2026-05-16 00:00:00","range_end_utc":"2026-05-17 00:00:00","event_count":3,"timestamp":"2026-05-16 07:56:25"}
{"event":"class_scheduled_to_utc","class_id":33,"teacher_id":12,"timezone":"Asia/Kolkata","input_start":"2026-05-16T13:28","input_end":"2026-05-16T14:28","start_time_utc":"2026-05-16 07:58:00","end_time_utc":"2026-05-16 08:58:00","timestamp":"2026-05-16 07:57:59"}
{"event":"class_scheduled_to_utc","class_id":34,"teacher_id":3,"timezone":"Asia/Kolkata","input_start":"2026-05-16T15:04","input_end":"2026-05-16T16:04","start_time_utc":"2026-05-16 09:34:00","end_time_utc":"2026-05-16 10:34:00","timestamp":"2026-05-16 09:35:00"}
{"event":"class_scheduled_to_utc","class_id":35,"teacher_id":12,"timezone":"Asia/Kolkata","input_start":"2026-05-16T15:12","input_end":"2026-05-16T16:12","start_time_utc":"2026-05-16 09:42:00","end_time_utc":"2026-05-16 10:42:00","timestamp":"2026-05-16 09:43:03"}
{"event":"calendar_events_rendered","viewer_role":"admin","viewer_id":1,"selected_timezone":"Asia/Kolkata","range_start_utc":"2026-04-25 18:30:00","range_end_utc":"2026-06-06 18:30:00","event_count":0,"timestamp":"2026-05-30 05:17:43"}
{"event":"calendar_events_rendered","viewer_role":"admin","viewer_id":1,"selected_timezone":"UTC","range_start_utc":"2026-04-26 00:00:00","range_end_utc":"2026-06-07 00:00:00","event_count":0,"timestamp":"2026-05-30 05:17:43"}
{"event":"class_scheduled_to_utc","class_id":36,"teacher_id":3,"timezone":"Asia/Kolkata","input_start":"2026-05-30T10:56","input_end":"2026-05-30T11:56","start_time_utc":"2026-05-30 05:26:00","end_time_utc":"2026-05-30 06:26:00","timestamp":"2026-05-30 05:35:43"}
{"event":"class_scheduled_to_utc","class_id":37,"teacher_id":12,"timezone":"Asia/Kolkata","input_start":"2026-05-30T11:30","input_end":"2026-05-30T12:30","start_time_utc":"2026-05-30 06:00:00","end_time_utc":"2026-05-30 07:00:00","timestamp":"2026-05-30 05:57:44"}
{"event":"class_scheduled_to_utc","class_id":38,"teacher_id":12,"timezone":"Asia/Kolkata","input_start":"2026-05-30T12:10","input_end":"2026-05-30T13:10","start_time_utc":"2026-05-30 06:40:00","end_time_utc":"2026-05-30 07:40:00","timestamp":"2026-05-30 06:37:24"}
{"event":"calendar_events_rendered","viewer_role":"admin","viewer_id":1,"selected_timezone":"Asia/Kolkata","range_start_utc":"2026-04-25 18:30:00","range_end_utc":"2026-06-06 18:30:00","event_count":3,"timestamp":"2026-05-30 07:00:19"}
{"event":"calendar_events_rendered","viewer_role":"admin","viewer_id":1,"selected_timezone":"Asia/Kolkata","range_start_utc":"2026-04-25 18:30:00","range_end_utc":"2026-06-06 18:30:00","event_count":3,"timestamp":"2026-05-30 07:12:23"}
{"event":"calendar_events_rendered","viewer_role":"admin","viewer_id":1,"selected_timezone":"Asia/Kolkata","range_start_utc":"2026-04-25 18:30:00","range_end_utc":"2026-06-06 18:30:00","event_count":3,"timestamp":"2026-05-30 07:14:12"}
{"event":"calendar_events_rendered","viewer_role":"admin","viewer_id":1,"selected_timezone":"UTC","range_start_utc":"2026-04-26 00:00:00","range_end_utc":"2026-06-07 00:00:00","event_count":3,"timestamp":"2026-05-30 07:14:12"}
{"event":"calendar_events_rendered","viewer_role":"admin","viewer_id":1,"selected_timezone":"Asia/Kolkata","range_start_utc":"2026-04-25 18:30:00","range_end_utc":"2026-06-06 18:30:00","event_count":3,"timestamp":"2026-05-30 07:16:45"}
{"event":"calendar_events_rendered","viewer_role":"admin","viewer_id":1,"selected_timezone":"UTC","range_start_utc":"2026-04-26 00:00:00","range_end_utc":"2026-06-07 00:00:00","event_count":3,"timestamp":"2026-05-30 07:16:45"}
{"event":"calendar_events_rendered","viewer_role":"admin","viewer_id":1,"selected_timezone":"Asia/Kolkata","range_start_utc":"2026-04-25 18:30:00","range_end_utc":"2026-06-06 18:30:00","event_count":3,"timestamp":"2026-05-30 07:19:22"}
{"event":"calendar_events_rendered","viewer_role":"admin","viewer_id":1,"selected_timezone":"UTC","range_start_utc":"2026-04-26 00:00:00","range_end_utc":"2026-06-07 00:00:00","event_count":3,"timestamp":"2026-05-30 07:19:22"}
{"event":"class_scheduled_to_utc","class_id":39,"teacher_id":3,"timezone":"UTC","input_start":"2026-05-30T12:51","input_end":"2026-05-30T13:51","start_time_utc":"2026-05-30 12:51:00","end_time_utc":"2026-05-30 13:51:00","timestamp":"2026-05-30 07:22:45"}
{"event":"calendar_events_rendered","viewer_role":"student","viewer_id":13,"selected_timezone":"Asia/Kolkata","range_start_utc":"2026-04-25 18:30:00","range_end_utc":"2026-06-06 18:30:00","event_count":1,"timestamp":"2026-05-30 07:24:54"}
{"event":"calendar_events_rendered","viewer_role":"student","viewer_id":13,"selected_timezone":"UTC","range_start_utc":"2026-04-26 00:00:00","range_end_utc":"2026-06-07 00:00:00","event_count":1,"timestamp":"2026-05-30 07:24:54"}
{"event":"reschedule_approved_to_utc","class_id":39,"old_timezone":"UTC","new_timezone":"UTC","requested_date":"2026-05-30","requested_time":"15:00:00","start_time_utc":"2026-05-30 15:00:00","end_time_utc":"2026-05-30 16:00:00","timestamp":"2026-05-30 07:36:38"}
{"event":"reschedule_approved_to_utc","class_id":39,"old_timezone":"UTC","new_timezone":"UTC","requested_date":"2026-05-30","requested_time":"18:07:00","start_time_utc":"2026-05-30 18:07:00","end_time_utc":"2026-05-30 19:07:00","timestamp":"2026-05-30 07:37:45"}
{"event":"calendar_events_rendered","viewer_role":"admin","viewer_id":1,"selected_timezone":"Asia/Kolkata","range_start_utc":"2026-04-25 18:30:00","range_end_utc":"2026-06-06 18:30:00","event_count":4,"timestamp":"2026-05-30 07:39:52"}
{"event":"calendar_events_rendered","viewer_role":"admin","viewer_id":1,"selected_timezone":"UTC","range_start_utc":"2026-04-26 00:00:00","range_end_utc":"2026-06-07 00:00:00","event_count":4,"timestamp":"2026-05-30 07:39:52"}
{"event":"class_rescheduled_to_utc","class_id":39,"timezone":"UTC","input_start":"2026-05-30T18:07","duration_minutes":60,"start_time_utc":"2026-05-30 18:07:00","end_time_utc":"2026-05-30 19:07:00","timestamp":"2026-05-30 07:40:26"}
{"event":"calendar_events_rendered","viewer_role":"teacher","viewer_id":3,"selected_timezone":"Asia/Kolkata","range_start_utc":"2026-04-25 18:30:00","range_end_utc":"2026-06-06 18:30:00","event_count":2,"timestamp":"2026-05-30 07:42:34"}
{"event":"calendar_events_rendered","viewer_role":"teacher","viewer_id":3,"selected_timezone":"UTC","range_start_utc":"2026-04-26 00:00:00","range_end_utc":"2026-06-07 00:00:00","event_count":2,"timestamp":"2026-05-30 07:42:34"}
{"event":"class_scheduled_to_utc","class_id":40,"teacher_id":3,"timezone":"UTC","input_start":"2026-05-30T13:13","input_end":"2026-05-30T15:13","start_time_utc":"2026-05-30 13:13:00","end_time_utc":"2026-05-30 15:13:00","timestamp":"2026-05-30 07:44:16"}
{"event":"calendar_events_rendered","viewer_role":"student","viewer_id":13,"selected_timezone":"Asia/Kolkata","range_start_utc":"2026-04-25 18:30:00","range_end_utc":"2026-06-06 18:30:00","event_count":2,"timestamp":"2026-05-30 07:52:35"}
{"event":"calendar_events_rendered","viewer_role":"student","viewer_id":13,"selected_timezone":"UTC","range_start_utc":"2026-04-26 00:00:00","range_end_utc":"2026-06-07 00:00:00","event_count":2,"timestamp":"2026-05-30 07:52:35"}
{"event":"calendar_events_rendered","viewer_role":"teacher","viewer_id":3,"selected_timezone":"Asia/Kolkata","range_start_utc":"2026-04-25 18:30:00","range_end_utc":"2026-06-06 18:30:00","event_count":3,"timestamp":"2026-05-30 08:57:30"}
{"event":"calendar_events_rendered","viewer_role":"teacher","viewer_id":3,"selected_timezone":"Asia/Kolkata","range_start_utc":"2026-04-26 00:00:00","range_end_utc":"2026-06-07 00:00:00","event_count":3,"timestamp":"2026-05-30 08:57:36"}
{"event":"calendar_events_rendered","viewer_role":"teacher","viewer_id":3,"selected_timezone":"America/New_York","range_start_utc":"2026-05-30 00:00:00","range_end_utc":"2026-05-31 00:00:00","event_count":3,"timestamp":"2026-05-30 08:57:58"}
{"event":"calendar_events_rendered","viewer_role":"teacher","viewer_id":3,"selected_timezone":"America/New_York","range_start_utc":"2026-05-30 00:00:00","range_end_utc":"2026-05-31 00:00:00","event_count":3,"timestamp":"2026-05-30 08:57:58"}
{"event":"calendar_events_rendered","viewer_role":"teacher","viewer_id":3,"selected_timezone":"Asia/Kolkata","range_start_utc":"2026-05-30 00:00:00","range_end_utc":"2026-05-31 00:00:00","event_count":3,"timestamp":"2026-05-30 08:58:05"}
{"event":"calendar_events_rendered","viewer_role":"teacher","viewer_id":3,"selected_timezone":"Asia/Kolkata","range_start_utc":"2026-04-25 18:30:00","range_end_utc":"2026-06-06 18:30:00","event_count":3,"timestamp":"2026-05-30 08:58:26"}
